../Drivers/STM32WBxx_HAL_Driver/Inc/stm32wbxx_ll_adc.h:2410:22:LL_ADC_SetCommonClock	16	static
../Drivers/STM32WBxx_HAL_Driver/Inc/stm32wbxx_ll_adc.h:2490:22:LL_ADC_SetCommonPathInternalCh	16	static
../Drivers/STM32WBxx_HAL_Driver/Inc/stm32wbxx_ll_adc.h:2583:26:LL_ADC_GetCommonPathInternalCh	16	static
../Drivers/STM32WBxx_HAL_Driver/Inc/stm32wbxx_ll_adc.h:3188:22:LL_ADC_SetOffset	32	static
../Drivers/STM32WBxx_HAL_Driver/Inc/stm32wbxx_ll_adc.h:3255:26:LL_ADC_GetOffsetChannel	24	static
../Drivers/STM32WBxx_HAL_Driver/Inc/stm32wbxx_ll_adc.h:3314:22:LL_ADC_SetOffsetState	32	static
../Drivers/STM32WBxx_HAL_Driver/Inc/stm32wbxx_ll_adc.h:3481:26:LL_ADC_REG_IsTriggerSourceSWStart	16	static
../Drivers/STM32WBxx_HAL_Driver/Inc/stm32wbxx_ll_adc.h:3956:22:LL_ADC_REG_SetSequencerRanks	32	static
../Drivers/STM32WBxx_HAL_Driver/Inc/stm32wbxx_ll_adc.h:4559:26:LL_ADC_REG_GetDMATransfer	16	static
../Drivers/STM32WBxx_HAL_Driver/Inc/stm32wbxx_ll_adc.h:4712:26:LL_ADC_INJ_IsTriggerSourceSWStart	16	static
../Drivers/STM32WBxx_HAL_Driver/Inc/stm32wbxx_ll_adc.h:5445:22:LL_ADC_SetChannelSamplingTime	32	static
../Drivers/STM32WBxx_HAL_Driver/Inc/stm32wbxx_ll_adc.h:5686:22:LL_ADC_SetChannelSingleDiff	24	static
../Drivers/STM32WBxx_HAL_Driver/Inc/stm32wbxx_ll_adc.h:5871:22:LL_ADC_SetAnalogWDMonitChannels	32	static
../Drivers/STM32WBxx_HAL_Driver/Inc/stm32wbxx_ll_adc.h:6159:22:LL_ADC_ConfigAnalogWDThresholds	32	static
../Drivers/STM32WBxx_HAL_Driver/Inc/stm32wbxx_ll_adc.h:6573:22:LL_ADC_DisableDeepPowerDown	16	static
../Drivers/STM32WBxx_HAL_Driver/Inc/stm32wbxx_ll_adc.h:6587:26:LL_ADC_IsDeepPowerDownEnabled	16	static
../Drivers/STM32WBxx_HAL_Driver/Inc/stm32wbxx_ll_adc.h:6607:22:LL_ADC_EnableInternalRegulator	16	static
../Drivers/STM32WBxx_HAL_Driver/Inc/stm32wbxx_ll_adc.h:6637:26:LL_ADC_IsInternalRegulatorEnabled	16	static
../Drivers/STM32WBxx_HAL_Driver/Inc/stm32wbxx_ll_adc.h:6658:22:LL_ADC_Enable	16	static
../Drivers/STM32WBxx_HAL_Driver/Inc/stm32wbxx_ll_adc.h:6678:22:LL_ADC_Disable	16	static
../Drivers/STM32WBxx_HAL_Driver/Inc/stm32wbxx_ll_adc.h:6697:26:LL_ADC_IsEnabled	16	static
../Drivers/STM32WBxx_HAL_Driver/Inc/stm32wbxx_ll_adc.h:6708:26:LL_ADC_IsDisableOngoing	16	static
../Drivers/STM32WBxx_HAL_Driver/Inc/stm32wbxx_ll_adc.h:6815:22:LL_ADC_REG_StartConversion	16	static
../Drivers/STM32WBxx_HAL_Driver/Inc/stm32wbxx_ll_adc.h:6835:22:LL_ADC_REG_StopConversion	16	static
../Drivers/STM32WBxx_HAL_Driver/Inc/stm32wbxx_ll_adc.h:6851:26:LL_ADC_REG_IsConversionOngoing	16	static
../Drivers/STM32WBxx_HAL_Driver/Inc/stm32wbxx_ll_adc.h:6990:22:LL_ADC_INJ_StopConversion	16	static
../Drivers/STM32WBxx_HAL_Driver/Inc/stm32wbxx_ll_adc.h:7006:26:LL_ADC_INJ_IsConversionOngoing	16	static
../Drivers/STM32WBxx_HAL_Driver/Inc/stm32wbxx_ll_adc.h:7438:22:LL_ADC_ClearFlag_AWD1	16	static
../Drivers/STM32WBxx_HAL_Driver/Inc/stm32wbxx_ll_adc.h:7449:22:LL_ADC_ClearFlag_AWD2	16	static
../Drivers/STM32WBxx_HAL_Driver/Inc/stm32wbxx_ll_adc.h:7460:22:LL_ADC_ClearFlag_AWD3	16	static
../Drivers/STM32WBxx_HAL_Driver/Inc/stm32wbxx_ll_adc.h:7598:22:LL_ADC_EnableIT_AWD1	16	static
../Drivers/STM32WBxx_HAL_Driver/Inc/stm32wbxx_ll_adc.h:7609:22:LL_ADC_EnableIT_AWD2	16	static
../Drivers/STM32WBxx_HAL_Driver/Inc/stm32wbxx_ll_adc.h:7620:22:LL_ADC_EnableIT_AWD3	16	static
../Drivers/STM32WBxx_HAL_Driver/Inc/stm32wbxx_ll_adc.h:7750:22:LL_ADC_DisableIT_AWD1	16	static
../Drivers/STM32WBxx_HAL_Driver/Inc/stm32wbxx_ll_adc.h:7761:22:LL_ADC_DisableIT_AWD2	16	static
../Drivers/STM32WBxx_HAL_Driver/Inc/stm32wbxx_ll_adc.h:7772:22:LL_ADC_DisableIT_AWD3	16	static
../Drivers/STM32WBxx_HAL_Driver/Src/stm32wbxx_hal_adc.c:398:19:HAL_ADC_Init	40	static
../Drivers/STM32WBxx_HAL_Driver/Src/stm32wbxx_hal_adc.c:942:19:HAL_ADC_DeInit	24	static
../Drivers/STM32WBxx_HAL_Driver/Src/stm32wbxx_hal_adc.c:1209:13:HAL_ADC_MspInit	16	static
../Drivers/STM32WBxx_HAL_Driver/Src/stm32wbxx_hal_adc.c:1226:13:HAL_ADC_MspDeInit	16	static
../Drivers/STM32WBxx_HAL_Driver/Src/stm32wbxx_hal_adc.c:1516:19:HAL_ADC_Start	24	static
../Drivers/STM32WBxx_HAL_Driver/Src/stm32wbxx_hal_adc.c:1600:19:HAL_ADC_Stop	24	static
../Drivers/STM32WBxx_HAL_Driver/Src/stm32wbxx_hal_adc.c:1665:19:HAL_ADC_PollForConversion	24	static
../Drivers/STM32WBxx_HAL_Driver/Src/stm32wbxx_hal_adc.c:1798:19:HAL_ADC_PollForEvent	32	static
../Drivers/STM32WBxx_HAL_Driver/Src/stm32wbxx_hal_adc.c:1946:19:HAL_ADC_Start_IT	24	static
../Drivers/STM32WBxx_HAL_Driver/Src/stm32wbxx_hal_adc.c:2053:19:HAL_ADC_Stop_IT	24	static
../Drivers/STM32WBxx_HAL_Driver/Src/stm32wbxx_hal_adc.c:2114:19:HAL_ADC_Start_DMA	32	static
../Drivers/STM32WBxx_HAL_Driver/Src/stm32wbxx_hal_adc.c:2227:19:HAL_ADC_Stop_DMA	24	static
../Drivers/STM32WBxx_HAL_Driver/Src/stm32wbxx_hal_adc.c:2326:10:HAL_ADC_GetValue	16	static
../Drivers/STM32WBxx_HAL_Driver/Src/stm32wbxx_hal_adc.c:2343:6:HAL_ADC_IRQHandler	40	static
../Drivers/STM32WBxx_HAL_Driver/Src/stm32wbxx_hal_adc.c:2668:13:HAL_ADC_ConvCpltCallback	16	static
../Drivers/STM32WBxx_HAL_Driver/Src/stm32wbxx_hal_adc.c:2683:13:HAL_ADC_ConvHalfCpltCallback	16	static
../Drivers/STM32WBxx_HAL_Driver/Src/stm32wbxx_hal_adc.c:2698:13:HAL_ADC_LevelOutOfWindowCallback	16	static
../Drivers/STM32WBxx_HAL_Driver/Src/stm32wbxx_hal_adc.c:2720:13:HAL_ADC_ErrorCallback	16	static
../Drivers/STM32WBxx_HAL_Driver/Src/stm32wbxx_hal_adc.c:2766:19:HAL_ADC_ConfigChannel	224	static,ignoring_inline_asm
../Drivers/STM32WBxx_HAL_Driver/Src/stm32wbxx_hal_adc.c:3164:19:HAL_ADC_AnalogWDGConfig	64	static,ignoring_inline_asm
../Drivers/STM32WBxx_HAL_Driver/Src/stm32wbxx_hal_adc.c:3452:10:HAL_ADC_GetState	16	static
../Drivers/STM32WBxx_HAL_Driver/Src/stm32wbxx_hal_adc.c:3466:10:HAL_ADC_GetError	16	static
../Drivers/STM32WBxx_HAL_Driver/Src/stm32wbxx_hal_adc.c:3498:19:ADC_ConversionStop	40	static
../Drivers/STM32WBxx_HAL_Driver/Src/stm32wbxx_hal_adc.c:3673:19:ADC_Enable	24	static
../Drivers/STM32WBxx_HAL_Driver/Src/stm32wbxx_hal_adc.c:3766:19:ADC_Disable	24	static
../Drivers/STM32WBxx_HAL_Driver/Src/stm32wbxx_hal_adc.c:3832:6:ADC_DMAConvCplt	24	static
../Drivers/STM32WBxx_HAL_Driver/Src/stm32wbxx_hal_adc.c:3946:6:ADC_DMAHalfConvCplt	24	static
../Drivers/STM32WBxx_HAL_Driver/Src/stm32wbxx_hal_adc.c:3964:6:ADC_DMAError	24	static
